{"ts": "2026-10-06T06:48:08.978314+00:00", "id": "ab2d7fc5-7ae4-41a8-a041-9095257f44da", "state": "BUILDING_SNAPSHOT", "age_min": 0.3, "labels": {"owner": "charlieruan", "purpose": "mimo-harbor-eval", "code-toolbox-language": "python", "run": "gate-smoke"}, "result": "deleted"}
{"ts": "2026-10-06T06:48:09.055154+00:00", "id": "e7d9b6d8-d590-4aeb-a8d7-2297aec89ea4", "state": "BUILDING_SNAPSHOT", "age_min": 0.3, "labels": {"owner": "charlieruan", "purpose": "mimo-harbor-eval", "code-toolbox-language": "python", "run": "gate-smoke"}, "result": "deleted"}
{"ts": "2026-10-06T06:48:09.141028+00:00", "id": "65b5adce-dc92-42f6-b336-13e7ba7cc1fc", "state": "BUILDING_SNAPSHOT", "age_min": 0.3, "labels": {"owner": "charlieruan", "purpose": "mimo-harbor-eval", "code-toolbox-language": "python", "run": "gate-smoke"}, "result": "deleted"}
{"ts": "2026-10-06T06:48:09.217590+00:00", "id": "a6972d63-b3e1-456e-9ebf-5cbbdd64ccba", "state": "BUILDING_SNAPSHOT", "age_min": 0.3, "labels": {"owner": "charlieruan", "purpose": "mimo-harbor-eval", "code-toolbox-language": "python", "run": "gate-smoke"}, "result": "deleted"}
{"ts": "2026-10-06T06:48:09.411236+00:00", "id": "4d351ce7-1d67-46a7-8491-66ed2286e676", "state": "BUILDING_SNAPSHOT", "age_min": 0.3, "labels": {"owner": "charlieruan", "purpose": "mimo-harbor-eval", "code-toolbox-language": "python", "run": "gate-smoke"}, "result": "deleted"}
{"ts": "2026-10-06T06:48:09.486266+00:00", "id": "0582a272-4892-4c82-adfb-8ccaae40a12c", "state": "BUILDING_SNAPSHOT", "age_min": 0.3, "labels": {"owner": "charlieruan", "purpose": "mimo-harbor-eval", "code-toolbox-language": "python", "run": "gate-smoke"}, "result": "deleted"}
{"ts": "2026-10-06T06:48:09.662974+00:00", "id": "a6c2ca3a-4d30-46a9-b0dc-8b6c255f362e", "state": "STARTED", "age_min": 2.3, "labels": {"owner": "charlieruan", "purpose": "mimo-harbor-eval", "code-toolbox-language": "python", "run": "gate-smoke"}, "result": "deleted"}
{"ts": "2026-10-06T06:48:09.750614+00:00", "id": "4e91cd4f-8121-4286-8ed5-a0db6d384f58", "state": "STARTED", "age_min": 2.3, "labels": {"owner": "charlieruan", "purpose": "mimo-harbor-eval", "code-toolbox-language": "python", "run": "gate-smoke"}, "result": "deleted"}
{"ts": "2026-10-06T06:48:09.843877+00:00", "id": "31b09bab-f073-4721-b588-8196b75017cb", "state": "STARTED", "age_min": 2.3, "labels": {"owner": "charlieruan", "purpose": "mimo-harbor-eval", "code-toolbox-language": "python", "run": "gate-smoke"}, "result": "deleted"}
{"ts": "2026-10-06T06:48:10.241765+00:00", "id": "5842b686-09dc-4bc3-af5d-8469dc7daecb", "state": "STARTED", "age_min": 2.3, "labels": {"owner": "charlieruan", "purpose": "mimo-harbor-eval", "code-toolbox-language": "python", "run": "gate-smoke"}, "result": "deleted"}
{"ts": "2026-10-06T06:48:10.369949+00:00", "id": "88f22bbd-ab37-47c9-a2d9-378d12c6bd24", "state": "STARTED", "age_min": 2.3, "labels": {"owner": "charlieruan", "purpose": "mimo-harbor-eval", "code-toolbox-language": "python", "run": "gate-smoke"}, "result": "deleted"}
{"ts": "2026-10-06T06:48:10.522792+00:00", "id": "f94d1da5-36f5-48b1-8657-e200c6090f38", "state": "STARTED", "age_min": 2.3, "labels": {"owner": "charlieruan", "purpose": "mimo-harbor-eval", "code-toolbox-language": "python", "run": "gate-smoke"}, "result": "deleted"}
{"ts": "2026-10-06T06:48:10.684365+00:00", "id": "17c1e6d4-776a-4cdd-b7d2-7415c6ef91cd", "state": "STARTED", "age_min": 2.3, "labels": {"owner": "charlieruan", "purpose": "mimo-harbor-eval", "code-toolbox-language": "python", "run": "gate-smoke"}, "result": "deleted"}
{"ts": "2026-10-06T06:48:10.774877+00:00", "id": "d05cabac-bad8-4989-9cda-2607561f28d8", "state": "STARTED", "age_min": 2.3, "labels": {"owner": "charlieruan", "purpose": "mimo-harbor-eval", "code-toolbox-language": "python", "run": "gate-smoke"}, "result": "deleted"}
{"ts": "2026-10-06T06:48:10.929718+00:00", "id": "ee091edc-76ce-42e8-8353-53e1bfc1ae01", "state": "STARTED", "age_min": 2.3, "labels": {"owner": "charlieruan", "purpose": "mimo-harbor-eval", "code-toolbox-language": "python", "run": "gate-smoke"}, "result": "deleted"}
{"ts": "2026-10-06T06:48:11.098568+00:00", "id": "15359bbc-643c-4445-9783-89a04354d55a", "state": "STARTED", "age_min": 2.4, "labels": {"owner": "charlieruan", "purpose": "mimo-harbor-eval", "code-toolbox-language": "python", "run": "gate-smoke"}, "result": "deleted"}
{"ts": "2026-10-06T06:48:11.184435+00:00", "id": "d3090797-2f17-4986-b6ac-327a3d88c3bf", "state": "STARTED", "age_min": 2.4, "labels": {"owner": "charlieruan", "purpose": "mimo-harbor-eval", "code-toolbox-language": "python", "run": "gate-smoke"}, "result": "deleted"}
{"ts": "2026-10-06T06:48:11.336174+00:00", "id": "70e7e23a-8341-4251-aa82-daf33e95ccda", "state": "STARTED", "age_min": 2.4, "labels": {"owner": "charlieruan", "purpose": "mimo-harbor-eval", "code-toolbox-language": "python", "run": "gate-smoke"}, "result": "deleted"}
{"ts": "2026-10-06T06:48:11.486590+00:00", "id": "e5793952-918c-4c49-a002-eee923bd0458", "state": "STARTED", "age_min": 2.4, "labels": {"owner": "charlieruan", "purpose": "mimo-harbor-eval", "code-toolbox-language": "python", "run": "gate-smoke"}, "result": "deleted"}
{"ts": "2026-10-06T06:48:11.570275+00:00", "id": "368ced79-21b5-4f5f-aa60-620c4dbcb90f", "state": "STARTED", "age_min": 2.4, "labels": {"owner": "charlieruan", "purpose": "mimo-harbor-eval", "code-toolbox-language": "python", "run": "gate-smoke"}, "result": "deleted"}
{"ts": "2026-10-06T06:48:11.720459+00:00", "id": "f776aff1-091b-4bd9-8830-9036ec1f0cc8", "state": "BUILDING_SNAPSHOT", "age_min": 1.1, "labels": {"owner": "charlieruan", "purpose": "mimo-harbor-eval", "code-toolbox-language": "python", "run": "gate-smoke"}, "result": "deleted"}
{"ts": "2026-10-06T06:48:11.874525+00:00", "id": "a0357839-1a6b-4321-b7d3-a4841061a10c", "state": "BUILDING_SNAPSHOT", "age_min": 1.1, "labels": {"owner": "charlieruan", "purpose": "mimo-harbor-eval", "code-toolbox-language": "python", "run": "gate-smoke"}, "result": "deleted"}
{"ts": "2026-10-06T06:48:12.026097+00:00", "id": "8f8e6e97-c36e-4242-99b5-68c93f366c73", "state": "BUILDING_SNAPSHOT", "age_min": 1.1, "labels": {"owner": "charlieruan", "purpose": "mimo-harbor-eval", "code-toolbox-language": "python", "run": "gate-smoke"}, "result": "deleted"}
{"ts": "2026-10-06T06:48:12.120166+00:00", "id": "40b60cf3-f429-4240-acaa-e5ad8967b9f9", "state": "BUILDING_SNAPSHOT", "age_min": 1.1, "labels": {"owner": "charlieruan", "purpose": "mimo-harbor-eval", "code-toolbox-language": "python", "run": "gate-smoke"}, "result": "deleted"}
{"ts": "2026-10-06T06:48:12.350670+00:00", "id": "e9dc9752-4bcf-4608-a37f-d73ff11006fd", "state": "BUILDING_SNAPSHOT", "age_min": 1.1, "labels": {"owner": "charlieruan", "purpose": "mimo-harbor-eval", "code-toolbox-language": "python", "run": "gate-smoke"}, "result": "delete_failed: Failed to remove sandbox: Sandbox state change in progress"}
{"ts": "2026-10-06T06:48:12.509763+00:00", "id": "d6fef0f6-3490-44ca-993c-e87b48cd088c", "state": "BUILDING_SNAPSHOT", "age_min": 1.1, "labels": {"owner": "charlieruan", "purpose": "mimo-harbor-eval", "code-toolbox-language": "python", "run": "gate-smoke"}, "result": "deleted"}
{"ts": "2026-10-06T06:48:12.902080+00:00", "id": "63a7489b-9721-40c9-ae4a-5f6629f90a20", "state": "BUILDING_SNAPSHOT", "age_min": 1.2, "labels": {"owner": "charlieruan", "purpose": "mimo-harbor-eval", "code-toolbox-language": "python", "run": "gate-smoke"}, "result": "deleted"}
{"ts": "2026-10-06T06:48:12.983433+00:00", "id": "c2426902-4915-44ea-bb43-fb5c03cde5ed", "state": "BUILDING_SNAPSHOT", "age_min": 1.2, "labels": {"owner": "charlieruan", "purpose": "mimo-harbor-eval", "code-toolbox-language": "python", "run": "gate-smoke"}, "result": "deleted"}
{"ts": "2026-10-06T06:48:13.134690+00:00", "id": "b1112d59-83de-4780-b5f0-77fc57720784", "state": "BUILDING_SNAPSHOT", "age_min": 1.2, "labels": {"owner": "charlieruan", "purpose": "mimo-harbor-eval", "code-toolbox-language": "python", "run": "gate-smoke"}, "result": "deleted"}
{"ts": "2026-10-06T06:48:13.229632+00:00", "id": "ab86cece-ac46-455a-80a9-67f5740cff02", "state": "BUILDING_SNAPSHOT", "age_min": 1.2, "labels": {"owner": "charlieruan", "purpose": "mimo-harbor-eval", "code-toolbox-language": "python", "run": "gate-smoke"}, "result": "deleted"}
{"ts": "2026-10-06T06:48:13.386714+00:00", "id": "668deb68-5286-4699-b170-522e7ba8bcfa", "state": "BUILDING_SNAPSHOT", "age_min": 1.2, "labels": {"owner": "charlieruan", "purpose": "mimo-harbor-eval", "code-toolbox-language": "python", "run": "gate-smoke"}, "result": "deleted"}
{"ts": "2026-10-06T06:48:13.538882+00:00", "id": "536688ed-f7ff-4f13-b22f-93b4a0a9824d", "state": "STARTED", "age_min": 2.4, "labels": {"owner": "charlieruan", "purpose": "mimo-harbor-eval", "code-toolbox-language": "python", "run": "gate-smoke"}, "result": "deleted"}
{"ts": "2026-10-06T06:48:13.688144+00:00", "id": "ada4e4a1-47ef-49af-99ba-c6f45b4a893e", "state": "BUILD_FAILED", "age_min": 2.4, "labels": {"owner": "charlieruan", "purpose": "mimo-harbor-eval", "code-toolbox-language": "python", "run": "gate-smoke"}, "result": "deleted"}
{"ts": "2026-10-06T06:48:13.840887+00:00", "id": "2582582d-5378-4bc9-b5f7-7dabaace624b", "state": "BUILD_FAILED", "age_min": 2.4, "labels": {"owner": "charlieruan", "purpose": "mimo-harbor-eval", "code-toolbox-language": "python", "run": "gate-smoke"}, "result": "deleted"}
{"ts": "2026-10-06T06:48:13.926491+00:00", "id": "a5cda052-80f3-46cf-82ee-1f60979dc1c9", "state": "BUILDING_SNAPSHOT", "age_min": 2.4, "labels": {"owner": "charlieruan", "purpose": "mimo-harbor-eval", "code-toolbox-language": "python", "run": "gate-smoke"}, "result": "deleted"}
{"ts": "2026-10-06T06:48:15.913098+00:00", "id": "2bc9ca1e-86c1-453c-88c9-d903789904ef", "state": "STARTED", "age_min": 1.7, "labels": {"owner": "charlieruan", "purpose": "mimo-harbor-eval", "code-toolbox-language": "python", "run": "gate-forensics"}, "result": "deleted"}
{"ts": "2026-10-06T06:48:15.996727+00:00", "id": "b976ccd1-63bf-4969-b891-ae86635e7857", "state": "STARTED", "age_min": 1.4, "labels": {"owner": "charlieruan", "purpose": "mimo-harbor-eval", "code-toolbox-language": "python", "run": "gate-forensics"}, "result": "deleted"}
{"ts": "2026-10-06T06:48:16.077735+00:00", "id": "84f98565-eb50-4150-9fa4-214e2eb1bca5", "state": "STARTED", "age_min": 1.4, "labels": {"owner": "charlieruan", "purpose": "mimo-harbor-eval", "code-toolbox-language": "python", "run": "gate-forensics"}, "result": "deleted"}
{"ts": "2026-10-06T06:48:16.230162+00:00", "id": "a75c9283-beda-4c0e-b061-3e8bbd33cb02", "state": "STARTED", "age_min": 1.4, "labels": {"owner": "charlieruan", "purpose": "mimo-harbor-eval", "code-toolbox-language": "python", "run": "gate-forensics"}, "result": "deleted"}
{"ts": "2026-10-06T06:48:16.377987+00:00", "id": "421d853c-02de-413c-8679-c9896b14422f", "state": "STARTED", "age_min": 2.4, "labels": {"owner": "charlieruan", "purpose": "mimo-harbor-eval", "code-toolbox-language": "python", "run": "gate-forensics"}, "result": "deleted"}
{"ts": "2026-10-06T06:48:16.463935+00:00", "id": "45ab6777-d935-4b26-a321-fcbbe43ccffa", "state": "STARTED", "age_min": 1.9, "labels": {"owner": "charlieruan", "purpose": "mimo-harbor-eval", "code-toolbox-language": "python", "run": "gate-forensics"}, "result": "deleted"}
{"ts": "2026-10-06T06:48:16.627248+00:00", "id": "902ed253-42e5-49c3-8cc1-f420d2e8523a", "state": "STARTED", "age_min": 1.7, "labels": {"owner": "charlieruan", "purpose": "mimo-harbor-eval", "code-toolbox-language": "python", "run": "gate-forensics"}, "result": "deleted"}
{"ts": "2026-10-06T06:48:16.774645+00:00", "id": "c3f88a8e-54b1-4e73-9a09-4b88fe0d2609", "state": "STARTED", "age_min": 1.9, "labels": {"owner": "charlieruan", "purpose": "mimo-harbor-eval", "code-toolbox-language": "python", "run": "gate-forensics"}, "result": "deleted"}
{"ts": "2026-10-06T06:48:16.860989+00:00", "id": "dd77c741-a765-4629-9b99-53c66fb9be0d", "state": "STARTED", "age_min": 1.6, "labels": {"owner": "charlieruan", "purpose": "mimo-harbor-eval", "code-toolbox-language": "python", "run": "gate-forensics"}, "result": "deleted"}
{"ts": "2026-10-06T06:48:17.012604+00:00", "id": "0b38fb23-e0de-4446-8194-21995dd28ecc", "state": "STARTED", "age_min": 1.9, "labels": {"owner": "charlieruan", "purpose": "mimo-harbor-eval", "code-toolbox-language": "python", "run": "gate-forensics"}, "result": "deleted"}
{"ts": "2026-10-06T06:48:17.097710+00:00", "id": "dbf9afce-7170-4501-ad05-bc245b4a7b98", "state": "STARTED", "age_min": 2.5, "labels": {"owner": "charlieruan", "purpose": "mimo-harbor-eval", "code-toolbox-language": "python", "run": "gate-forensics"}, "result": "deleted"}
{"ts": "2026-10-06T06:48:17.194537+00:00", "id": "c5a799be-cd10-4592-b54d-389a12f9f5eb", "state": "STARTED", "age_min": 2.4, "labels": {"owner": "charlieruan", "purpose": "mimo-harbor-eval", "code-toolbox-language": "python", "run": "gate-forensics"}, "result": "deleted"}
{"ts": "2026-10-06T06:48:17.344921+00:00", "id": "83fb02f1-5173-4ba6-883a-d004fe0a0b91", "state": "STARTED", "age_min": 2.5, "labels": {"owner": "charlieruan", "purpose": "mimo-harbor-eval", "code-toolbox-language": "python", "run": "gate-forensics"}, "result": "deleted"}
{"ts": "2026-10-06T06:48:17.424128+00:00", "id": "2154325b-1c6b-4b1b-9b0f-e5ddecf8f16d", "state": "STARTED", "age_min": 2.5, "labels": {"owner": "charlieruan", "purpose": "mimo-harbor-eval", "code-toolbox-language": "python", "run": "gate-forensics"}, "result": "deleted"}
{"ts": "2026-10-06T06:48:17.817112+00:00", "id": "91f8fb07-776a-4d10-a9e6-dc1775f12734", "state": "STARTED", "age_min": 2.5, "labels": {"owner": "charlieruan", "purpose": "mimo-harbor-eval", "code-toolbox-language": "python", "run": "gate-forensics"}, "result": "deleted"}
{"ts": "2026-10-06T06:48:17.912777+00:00", "id": "b51ea9e4-18a2-47e2-8ec6-abdaee50f7f3", "state": "STARTED", "age_min": 2.5, "labels": {"owner": "charlieruan", "purpose": "mimo-harbor-eval", "code-toolbox-language": "python", "run": "gate-forensics"}, "result": "deleted"}
{"ts": "2026-10-06T06:48:17.996747+00:00", "id": "1be72b8c-5f3c-4111-bbbc-16e0ef5555f4", "state": "STARTED", "age_min": 2.5, "labels": {"owner": "charlieruan", "purpose": "mimo-harbor-eval", "code-toolbox-language": "python", "run": "gate-forensics"}, "result": "deleted"}
{"ts": "2026-10-06T06:48:18.147029+00:00", "id": "c1de7fc6-408d-4e6d-9c58-bb57ae88fc55", "state": "STARTED", "age_min": 2.5, "labels": {"owner": "charlieruan", "purpose": "mimo-harbor-eval", "code-toolbox-language": "python", "run": "gate-forensics"}, "result": "deleted"}
{"ts": "2026-10-06T06:48:18.298644+00:00", "id": "781dafd7-be43-4b35-aaf1-acf14ae19c5f", "state": "BUILD_FAILED", "age_min": 1.2, "labels": {"owner": "charlieruan", "purpose": "mimo-harbor-eval", "code-toolbox-language": "python", "run": "gate-forensics"}, "result": "deleted"}
{"ts": "2026-10-06T06:48:18.451176+00:00", "id": "41b6280a-a5d1-4620-b83a-0e76e96fe8bf", "state": "STARTED", "age_min": 2.5, "labels": {"owner": "charlieruan", "purpose": "mimo-harbor-eval", "code-toolbox-language": "python", "run": "gate-forensics"}, "result": "deleted"}
{"ts": "2026-10-06T06:48:18.602395+00:00", "id": "027050c8-46e7-476a-9b0f-ed80da46cde2", "state": "STARTED", "age_min": 2.5, "labels": {"owner": "charlieruan", "purpose": "mimo-harbor-eval", "code-toolbox-language": "python", "run": "gate-forensics"}, "result": "deleted"}
{"ts": "2026-10-06T06:48:18.751476+00:00", "id": "565c00eb-5415-46fd-a77b-ef7e76112729", "state": "STARTED", "age_min": 2.5, "labels": {"owner": "charlieruan", "purpose": "mimo-harbor-eval", "code-toolbox-language": "python", "run": "gate-forensics"}, "result": "deleted"}
{"ts": "2026-10-06T06:48:18.908228+00:00", "id": "42f88e15-ecd6-4ebc-a70b-210d9327804a", "state": "STARTED", "age_min": 2.5, "labels": {"owner": "charlieruan", "purpose": "mimo-harbor-eval", "code-toolbox-language": "python", "run": "gate-forensics"}, "result": "deleted"}
{"ts": "2026-10-06T06:48:18.992167+00:00", "id": "255f2353-9331-4209-be33-e478d2b7524e", "state": "BUILD_FAILED", "age_min": 1.5, "labels": {"owner": "charlieruan", "purpose": "mimo-harbor-eval", "code-toolbox-language": "python", "run": "gate-forensics"}, "result": "deleted"}
{"ts": "2026-10-06T06:48:19.147508+00:00", "id": "4ab6b8e2-f2cf-429b-a07a-82a7e55b0825", "state": "STARTED", "age_min": 2.5, "labels": {"owner": "charlieruan", "purpose": "mimo-harbor-eval", "code-toolbox-language": "python", "run": "gate-forensics"}, "result": "deleted"}
{"ts": "2026-10-06T06:48:19.232419+00:00", "id": "30875729-1216-4142-a8b8-700a3038de34", "state": "BUILDING_SNAPSHOT", "age_min": 1.3, "labels": {"owner": "charlieruan", "purpose": "mimo-harbor-eval", "code-toolbox-language": "python", "run": "gate-forensics"}, "result": "deleted"}
{"ts": "2026-10-06T06:48:19.316761+00:00", "id": "3e5a42aa-9e0c-4e68-901b-9e78cb79b84e", "state": "BUILDING_SNAPSHOT", "age_min": 1.3, "labels": {"owner": "charlieruan", "purpose": "mimo-harbor-eval", "code-toolbox-language": "python", "run": "gate-forensics"}, "result": "deleted"}
{"ts": "2026-10-06T06:48:19.395315+00:00", "id": "df1dfac5-2665-409b-9983-5172f015a664", "state": "BUILDING_SNAPSHOT", "age_min": 1.3, "labels": {"owner": "charlieruan", "purpose": "mimo-harbor-eval", "code-toolbox-language": "python", "run": "gate-forensics"}, "result": "deleted"}
{"ts": "2026-10-06T06:48:19.544105+00:00", "id": "f0316f48-6484-4182-8db3-646be4f69fb9", "state": "BUILDING_SNAPSHOT", "age_min": 1.3, "labels": {"owner": "charlieruan", "purpose": "mimo-harbor-eval", "code-toolbox-language": "python", "run": "gate-forensics"}, "result": "deleted"}
{"ts": "2026-10-06T06:48:19.624563+00:00", "id": "cc92187d-21f3-4582-8c27-abbe6b120e62", "state": "BUILDING_SNAPSHOT", "age_min": 1.3, "labels": {"owner": "charlieruan", "purpose": "mimo-harbor-eval", "code-toolbox-language": "python", "run": "gate-forensics"}, "result": "deleted"}
{"ts": "2026-10-06T06:48:19.705994+00:00", "id": "d1d9fee5-57ca-4763-a670-032b7562cc51", "state": "STARTED", "age_min": 2.5, "labels": {"owner": "charlieruan", "purpose": "mimo-harbor-eval", "code-toolbox-language": "python", "run": "gate-forensics"}, "result": "deleted"}
{"ts": "2026-10-06T06:48:19.850650+00:00", "id": "623a7018-c726-44e5-8c17-8b304a30a2f4", "state": "BUILD_FAILED", "age_min": 1.4, "labels": {"owner": "charlieruan", "purpose": "mimo-harbor-eval", "code-toolbox-language": "python", "run": "gate-forensics"}, "result": "deleted"}
{"ts": "2026-10-06T06:48:20.563297+00:00", "id": "a23540ed-7f67-4e7a-8b04-be096ed8c5ea", "state": "BUILDING_SNAPSHOT", "age_min": 1.6, "labels": {"owner": "charlieruan", "purpose": "mimo-harbor-eval", "code-toolbox-language": "python", "run": "gate-forensics"}, "result": "deleted"}
{"ts": "2026-10-06T06:48:20.837469+00:00", "id": "d1bd1eb3-bbe4-41ad-b461-3d324eb531a9", "state": "BUILDING_SNAPSHOT", "age_min": 1.8, "labels": {"owner": "charlieruan", "purpose": "mimo-harbor-eval", "code-toolbox-language": "python", "run": "gate-forensics"}, "result": "deleted"}
{"ts": "2026-10-06T06:48:21.145457+00:00", "id": "93a18b26-d7ea-4c1a-b789-7e39060622a0", "state": "BUILDING_SNAPSHOT", "age_min": 1.9, "labels": {"owner": "charlieruan", "purpose": "mimo-harbor-eval", "code-toolbox-language": "python", "run": "gate-forensics"}, "result": "deleted"}
{"ts": "2026-10-06T06:48:21.336068+00:00", "id": "cfd6b523-d112-46c7-a547-98fd39114f40", "state": "BUILDING_SNAPSHOT", "age_min": 2.0, "labels": {"owner": "charlieruan", "purpose": "mimo-harbor-eval", "code-toolbox-language": "python", "run": "gate-forensics"}, "result": "deleted"}
{"ts": "2026-10-06T06:48:21.489772+00:00", "id": "4da68374-9c6e-4443-bb73-362231990862", "state": "BUILD_FAILED", "age_min": 2.5, "labels": {"owner": "charlieruan", "purpose": "mimo-harbor-eval", "code-toolbox-language": "python", "run": "gate-forensics"}, "result": "deleted"}
{"ts": "2026-10-06T06:48:51.912054+00:00", "id": "e9dc9752-4bcf-4608-a37f-d73ff11006fd", "state": "STARTED", "age_min": 1.8, "labels": {"owner": "charlieruan", "purpose": "mimo-harbor-eval", "code-toolbox-language": "python", "run": "gate-smoke"}, "result": "deleted"}
